
Copyright (C) 1994-2023 Synopsys, Inc.
This Synopsys software and all associated documentation are proprietary to Synopsys, Inc.
and may only be used pursuant to the terms and conditions of a written license agreement
with Synopsys, Inc. All other use, reproduction, modification, or distribution of the
Synopsys software or the associated documentation is strictly prohibited.
Tool: Synplify Pro (R)
Build: V-2023.09L-2
Install: C:\lscc\diamond\3.14\synpbase
OS: Windows 10 or later
Hostname: JH-LAPTOP

Implementation : impl1

# Written on Mon Mar 17 19:35:42 2025

##### DESIGN INFO #######################################################

Top View:                "sdram_controller"
Constraint File(s):      (none)




##### SUMMARY ############################################################

Found 0 issues in 0 out of 0 constraints


##### DETAILS ############################################################



Clock Relationships
*******************

Starting                 Ending                   |     rise to rise     |     fall to fall     |     rise to fall     |     fall to rise                     
-------------------------------------------------------------------------------------------------------------------------------------------------------------
sdram_controller|clk     sdram_controller|clk     |     10.000           |     No paths         |     No paths         |     No paths                         
=============================================================================================================================================================
 Note: 'No paths' indicates there are no paths in the design for that pair of clock edges.
       'Diff grp' indicates that paths exist but the starting clock and ending clock are in different clock groups.


Unconstrained Start/End Points
******************************

p:ram_side_addr[0]
p:ram_side_addr[1]
p:ram_side_addr[2]
p:ram_side_addr[3]
p:ram_side_addr[4]
p:ram_side_addr[5]
p:ram_side_addr[6]
p:ram_side_addr[7]
p:ram_side_addr[8]
p:ram_side_addr[9]
p:ram_side_addr[10]
p:ram_side_addr[11]
p:ram_side_bank_addr[0]
p:ram_side_bank_addr[1]
p:ram_side_cas_n
p:ram_side_clock_enable
p:ram_side_cs_n
p:ram_side_data_chip0[0]
p:ram_side_data_chip0[1]
p:ram_side_data_chip0[2]
p:ram_side_data_chip0[3]
p:ram_side_data_chip0[4]
p:ram_side_data_chip0[5]
p:ram_side_data_chip0[6]
p:ram_side_data_chip0[7]
p:ram_side_data_chip0[8]
p:ram_side_data_chip0[9]
p:ram_side_data_chip0[10]
p:ram_side_data_chip0[11]
p:ram_side_data_chip0[12]
p:ram_side_data_chip0[13]
p:ram_side_data_chip0[14]
p:ram_side_data_chip0[15]
p:ram_side_data_chip1[0]
p:ram_side_data_chip1[1]
p:ram_side_data_chip1[2]
p:ram_side_data_chip1[3]
p:ram_side_data_chip1[4]
p:ram_side_data_chip1[5]
p:ram_side_data_chip1[6]
p:ram_side_data_chip1[7]
p:ram_side_data_chip1[8]
p:ram_side_data_chip1[9]
p:ram_side_data_chip1[10]
p:ram_side_data_chip1[11]
p:ram_side_data_chip1[12]
p:ram_side_data_chip1[13]
p:ram_side_data_chip1[14]
p:ram_side_data_chip1[15]
p:ram_side_ldqm_pin_chip0
p:ram_side_ldqm_pin_chip1
p:ram_side_ras_n
p:ram_side_udqm_pin_chip0
p:ram_side_udqm_pin_chip1
p:ram_side_wr_enable
p:soc_side_addr[0]
p:soc_side_addr[1]
p:soc_side_addr[2]
p:soc_side_addr[3]
p:soc_side_addr[4]
p:soc_side_addr[5]
p:soc_side_addr[6]
p:soc_side_addr[7]
p:soc_side_addr[8]
p:soc_side_addr[9]
p:soc_side_addr[10]
p:soc_side_addr[11]
p:soc_side_addr[12]
p:soc_side_addr[13]
p:soc_side_addr[14]
p:soc_side_addr[15]
p:soc_side_addr[16]
p:soc_side_addr[17]
p:soc_side_addr[18]
p:soc_side_addr[19]
p:soc_side_addr[20]
p:soc_side_addr[21]
p:soc_side_addr[22]
p:soc_side_busy
p:soc_side_rd_data[0]
p:soc_side_rd_data[1]
p:soc_side_rd_data[2]
p:soc_side_rd_data[3]
p:soc_side_rd_data[4]
p:soc_side_rd_data[5]
p:soc_side_rd_data[6]
p:soc_side_rd_data[7]
p:soc_side_rd_data[8]
p:soc_side_rd_data[9]
p:soc_side_rd_data[10]
p:soc_side_rd_data[11]
p:soc_side_rd_data[12]
p:soc_side_rd_data[13]
p:soc_side_rd_data[14]
p:soc_side_rd_data[15]
p:soc_side_rd_data[16]
p:soc_side_rd_data[17]
p:soc_side_rd_data[18]
p:soc_side_rd_data[19]
p:soc_side_rd_data[20]
p:soc_side_rd_data[21]
p:soc_side_rd_data[22]
p:soc_side_rd_data[23]
p:soc_side_rd_data[24]
p:soc_side_rd_data[25]
p:soc_side_rd_data[26]
p:soc_side_rd_data[27]
p:soc_side_rd_data[28]
p:soc_side_rd_data[29]
p:soc_side_rd_data[30]
p:soc_side_rd_data[31]
p:soc_side_rd_enable
p:soc_side_rd_ready
p:soc_side_rst_n
p:soc_side_wr_data[0]
p:soc_side_wr_data[1]
p:soc_side_wr_data[2]
p:soc_side_wr_data[3]
p:soc_side_wr_data[4]
p:soc_side_wr_data[5]
p:soc_side_wr_data[6]
p:soc_side_wr_data[7]
p:soc_side_wr_data[8]
p:soc_side_wr_data[9]
p:soc_side_wr_data[10]
p:soc_side_wr_data[11]
p:soc_side_wr_data[12]
p:soc_side_wr_data[13]
p:soc_side_wr_data[14]
p:soc_side_wr_data[15]
p:soc_side_wr_data[16]
p:soc_side_wr_data[17]
p:soc_side_wr_data[18]
p:soc_side_wr_data[19]
p:soc_side_wr_data[20]
p:soc_side_wr_data[21]
p:soc_side_wr_data[22]
p:soc_side_wr_data[23]
p:soc_side_wr_data[24]
p:soc_side_wr_data[25]
p:soc_side_wr_data[26]
p:soc_side_wr_data[27]
p:soc_side_wr_data[28]
p:soc_side_wr_data[29]
p:soc_side_wr_data[30]
p:soc_side_wr_data[31]
p:soc_side_wr_enable
p:soc_side_wr_mask[0]
p:soc_side_wr_mask[1]
p:soc_side_wr_mask[2]
p:soc_side_wr_mask[3]


Inapplicable constraints
************************

(none)


Applicable constraints with issues
**********************************

(none)


Constraints with matching wildcard expressions
**********************************************

(none)


Library Report
**************


# End of Constraint Checker Report
